<?xml version="1.0" encoding="utf-8"?>
<TestRun id="dc3fd58e-82d1-44cb-a177-ffef13414dab" name="admin@DESKTOP-2VE3A54 2026-07-28 14:41:27" runUser="DESKTOP-2VE3A54\admin" xmlns="http://microsoft.com/schemas/VisualStudio/TeamTest/2010">
  <Times creation="2026-07-28T14:41:27.6565075+08:00" queuing="2026-07-28T14:41:27.6565081+08:00" start="2026-07-28T14:41:17.5546416+08:00" finish="2026-07-28T14:41:28.1407629+08:00" />
  <TestSettings name="default" id="02e714ca-e886-43a1-a8f3-778efdee2280">
    <Deployment runDeploymentRoot="admin_DESKTOP-2VE3A54_2026-07-28_14_41_27" />
  </TestSettings>
  <Results>
    <UnitTestResult executionId="a4b5a209-49a9-4dde-8e26-633fe4e1ddaa" testId="f39e7885-60e0-dc3e-6f95-4d4d35cad0d3" testName="InprovePlan.UnitTests.Paging.PaginationTests.Validate_ShouldFail_WhenPageSizeIsInvalid(pageSize: 101)" computerName="DESKTOP-2VE3A54" duration="00:00:00.0008790" startTime="2026-07-28T14:41:27.6095024+08:00" endTime="2026-07-28T14:41:27.6104843+08:00" testType="13cdc9d9-ddb5-4fa4-a97d-d965ccfc6d4b" outcome="Passed" testListId="8c84fa94-04c1-424b-9868-57a2d4851a1d" relativeResultsDirectory="a4b5a209-49a9-4dde-8e26-633fe4e1ddaa" />
    <UnitTestResult executionId="e73a7d66-9602-4b0d-9394-c68ca38a1952" testId="f4c26dd3-5b66-2d04-934d-47b241d1b847" testName="InprovePlan.UnitTests.AppUsers.ChangeAppUserPasswordCommandValidatorTests.Validate_WhenConfirmPasswordIsDifferent_ShouldHaveConfirmPasswordValidationError" computerName="DESKTOP-2VE3A54" duration="00:00:00.0009950" startTime="2026-07-28T14:41:27.6159391+08:00" endTime="2026-07-28T14:41:27.6170924+08:00" testType="13cdc9d9-ddb5-4fa4-a97d-d965ccfc6d4b" outcome="Passed" testListId="8c84fa94-04c1-424b-9868-57a2d4851a1d" relativeResultsDirectory="e73a7d66-9602-4b0d-9394-c68ca38a1952" />
    <UnitTestResult executionId="78deab23-61a9-406b-a542-92d61b27ee55" testId="dabbcafd-c102-5364-7359-072c419f1fa0" testName="InprovePlan.UnitTests.Paging.PagedResultTests.Create_ShouldReturnEmptyItems_WhenItemsIsNull" computerName="DESKTOP-2VE3A54" duration="00:00:00.0079749" startTime="2026-07-28T14:41:27.6044868+08:00" endTime="2026-07-28T14:41:27.6125486+08:00" testType="13cdc9d9-ddb5-4fa4-a97d-d965ccfc6d4b" outcome="Passed" testListId="8c84fa94-04c1-424b-9868-57a2d4851a1d" relativeResultsDirectory="78deab23-61a9-406b-a542-92d61b27ee55" />
    <UnitTestResult executionId="9f5180bd-5c8c-49f5-a1ed-9700cb4e3a9a" testId="528d428e-1543-c44d-1a94-ad7c5d06676e" testName="InprovePlan.UnitTests.Products.ProductValidatorTests.Create_WhenCommandIsValid_ShouldPass" computerName="DESKTOP-2VE3A54" duration="00:00:00.0122697" startTime="2026-07-28T14:41:27.6066639+08:00" endTime="2026-07-28T14:41:27.6190398+08:00" testType="13cdc9d9-ddb5-4fa4-a97d-d965ccfc6d4b" outcome="Passed" testListId="8c84fa94-04c1-424b-9868-57a2d4851a1d" relativeResultsDirectory="9f5180bd-5c8c-49f5-a1ed-9700cb4e3a9a" />
    <UnitTestResult executionId="109b99f0-d9db-499b-9bc6-a914475a7f01" testId="a09ba502-2a2c-a708-85b8-75e46c35ccef" testName="InprovePlan.UnitTests.AppOrders.AppOrderValidatorTests.ChangeStatus_WhenStatusIsInvalid_ShouldHaveOrderStatusValidationError" computerName="DESKTOP-2VE3A54" duration="00:00:00.0088560" startTime="2026-07-28T14:41:27.6214814+08:00" endTime="2026-07-28T14:41:27.6304307+08:00" testType="13cdc9d9-ddb5-4fa4-a97d-d965ccfc6d4b" outcome="Passed" testListId="8c84fa94-04c1-424b-9868-57a2d4851a1d" relativeResultsDirectory="109b99f0-d9db-499b-9bc6-a914475a7f01" />
    <UnitTestResult executionId="03d72801-6db5-4f25-88dd-df0126cf2c58" testId="b38125a0-2cb5-ab68-9e1b-2797333a5977" testName="InprovePlan.UnitTests.Products.ProductValidatorTests.Update_WhenProductStatusIsInvalid_ShouldHaveProductStatusValidationError" computerName="DESKTOP-2VE3A54" duration="00:00:00.0148885" startTime="2026-07-28T14:41:27.6256949+08:00" endTime="2026-07-28T14:41:27.6407448+08:00" testType="13cdc9d9-ddb5-4fa4-a97d-d965ccfc6d4b" outcome="Passed" testListId="8c84fa94-04c1-424b-9868-57a2d4851a1d" relativeResultsDirectory="03d72801-6db5-4f25-88dd-df0126cf2c58" />
    <UnitTestResult executionId="45d1fa53-3693-4c60-82c8-43ce9daec034" testId="498e37d8-4acd-380d-b925-e3d17750981f" testName="InprovePlan.UnitTests.Products.ProductValidatorTests.Create_WhenProductCodeIsTooLong_ShouldHaveProductCodeValidationError" computerName="DESKTOP-2VE3A54" duration="00:00:00.0021954" startTime="2026-07-28T14:41:27.6210037+08:00" endTime="2026-07-28T14:41:27.6233395+08:00" testType="13cdc9d9-ddb5-4fa4-a97d-d965ccfc6d4b" outcome="Passed" testListId="8c84fa94-04c1-424b-9868-57a2d4851a1d" relativeResultsDirectory="45d1fa53-3693-4c60-82c8-43ce9daec034" />
    <UnitTestResult executionId="ba514a94-fc60-4f78-8586-359ba3553b99" testId="ec4a8c55-99d7-a32e-033c-7e9cf6c2ebae" testName="InprovePlan.UnitTests.AppOrders.AppOrderValidatorTests.Create_WhenQuantityScaleIsInvalid_ShouldHaveQuantityValidationError" computerName="DESKTOP-2VE3A54" duration="00:00:00.0023705" startTime="2026-07-28T14:41:27.6312062+08:00" endTime="2026-07-28T14:41:27.6337030+08:00" testType="13cdc9d9-ddb5-4fa4-a97d-d965ccfc6d4b" outcome="Passed" testListId="8c84fa94-04c1-424b-9868-57a2d4851a1d" relativeResultsDirectory="ba514a94-fc60-4f78-8586-359ba3553b99" />
    <UnitTestResult executionId="55b3f9df-ccd9-4d09-9420-3e46e03b9c94" testId="fe52fc8b-d455-ca83-62b7-63f1c292d72e" testName="InprovePlan.UnitTests.Sorting.AppUserSortWhitelistTests.Validate_ShouldFail_WhenSortFieldIsNotAllowed" computerName="DESKTOP-2VE3A54" duration="00:00:00.8963778" startTime="2026-07-28T14:41:26.6459667+08:00" endTime="2026-07-28T14:41:27.5567969+08:00" testType="13cdc9d9-ddb5-4fa4-a97d-d965ccfc6d4b" outcome="Passed" testListId="8c84fa94-04c1-424b-9868-57a2d4851a1d" relativeResultsDirectory="55b3f9df-ccd9-4d09-9420-3e46e03b9c94" />
    <UnitTestResult executionId="68f16421-359f-4008-951b-2eddde5d5525" testId="4db8236c-8045-2f65-e051-9be5b23cf6cd" testName="InprovePlan.UnitTests.Products.ProductValidatorTests.GetPaged_WhenQueryIsValid_ShouldPass" computerName="DESKTOP-2VE3A54" duration="00:00:00.9390721" startTime="2026-07-28T14:41:26.6459584+08:00" endTime="2026-07-28T14:41:27.5942899+08:00" testType="13cdc9d9-ddb5-4fa4-a97d-d965ccfc6d4b" outcome="Passed" testListId="8c84fa94-04c1-424b-9868-57a2d4851a1d" relativeResultsDirectory="68f16421-359f-4008-951b-2eddde5d5525" />
    <UnitTestResult executionId="66d769a4-b576-430f-a895-7a9bb0aac152" testId="72957075-3ac9-838b-2249-58a25bd278c4" testName="InprovePlan.UnitTests.AppOrders.AppOrderValidatorTests.GetPaged_WhenStartTimeGreaterThanEndTime_ShouldHaveDateRangeValidationError" computerName="DESKTOP-2VE3A54" duration="00:00:00.0325355" startTime="2026-07-28T14:41:27.6520647+08:00" endTime="2026-07-28T14:41:27.6847878+08:00" testType="13cdc9d9-ddb5-4fa4-a97d-d965ccfc6d4b" outcome="Passed" testListId="8c84fa94-04c1-424b-9868-57a2d4851a1d" relativeResultsDirectory="66d769a4-b576-430f-a895-7a9bb0aac152" />
    <UnitTestResult executionId="0a0c07ac-2f5e-4c7a-8790-60d4c5e7582b" testId="ea896a93-f09a-5b17-b3c1-71200d6d0a21" testName="InprovePlan.UnitTests.Paging.PaginationTests.Validate_ShouldFail_WhenPageSizeIsInvalid(pageSize: 0)" computerName="DESKTOP-2VE3A54" duration="00:00:00.0008768" startTime="2026-07-28T14:41:27.6078347+08:00" endTime="2026-07-28T14:41:27.6088045+08:00" testType="13cdc9d9-ddb5-4fa4-a97d-d965ccfc6d4b" outcome="Passed" testListId="8c84fa94-04c1-424b-9868-57a2d4851a1d" relativeResultsDirectory="0a0c07ac-2f5e-4c7a-8790-60d4c5e7582b" />
    <UnitTestResult executionId="518d7cc6-07b0-49f6-a5d1-493ec93e6ed0" testId="e4667e2f-c69a-9098-1008-34b6278eace3" testName="InprovePlan.UnitTests.Paging.PaginationTests.Validate_ShouldPass_WhenPaginationIsValid" computerName="DESKTOP-2VE3A54" duration="00:00:00.8968314" startTime="2026-07-28T14:41:26.6459637+08:00" endTime="2026-07-28T14:41:27.5568048+08:00" testType="13cdc9d9-ddb5-4fa4-a97d-d965ccfc6d4b" outcome="Passed" testListId="8c84fa94-04c1-424b-9868-57a2d4851a1d" relativeResultsDirectory="518d7cc6-07b0-49f6-a5d1-493ec93e6ed0" />
    <UnitTestResult executionId="203a2c57-e5b1-4cf0-bfc1-259627e08f45" testId="9aabe6ed-e001-7374-c134-292367c03550" testName="InprovePlan.UnitTests.Products.ProductValidatorTests.Delete_WhenIdIsInvalid_ShouldHaveIdValidationError" computerName="DESKTOP-2VE3A54" duration="00:00:00.0109368" startTime="2026-07-28T14:41:27.5948257+08:00" endTime="2026-07-28T14:41:27.6058222+08:00" testType="13cdc9d9-ddb5-4fa4-a97d-d965ccfc6d4b" outcome="Passed" testListId="8c84fa94-04c1-424b-9868-57a2d4851a1d" relativeResultsDirectory="203a2c57-e5b1-4cf0-bfc1-259627e08f45" />
    <UnitTestResult executionId="4e4f030d-f282-4fc4-8f0a-c2f78c24bc4f" testId="fb887940-259f-6c11-8fd4-65c50c0a6cfb" testName="InprovePlan.UnitTests.AppOrders.AppOrderValidatorTests.Create_WhenProductIdIsInvalid_ShouldHaveProductIdValidationError" computerName="DESKTOP-2VE3A54" duration="00:00:00.0133720" startTime="2026-07-28T14:41:27.6070540+08:00" endTime="2026-07-28T14:41:27.6205077+08:00" testType="13cdc9d9-ddb5-4fa4-a97d-d965ccfc6d4b" outcome="Passed" testListId="8c84fa94-04c1-424b-9868-57a2d4851a1d" relativeResultsDirectory="4e4f030d-f282-4fc4-8f0a-c2f78c24bc4f" />
    <UnitTestResult executionId="8ef45e8b-9a24-4223-87cf-5997db8401e8" testId="230e1428-73ec-6ed7-dbc2-3b6e46d05851" testName="InprovePlan.UnitTests.Products.ProductValidatorTests.Create_WhenCurrencyLengthIsInvalid_ShouldHaveCurrencyValidationError" computerName="DESKTOP-2VE3A54" duration="00:00:00.0005367" startTime="2026-07-28T14:41:27.6244172+08:00" endTime="2026-07-28T14:41:27.6250278+08:00" testType="13cdc9d9-ddb5-4fa4-a97d-d965ccfc6d4b" outcome="Passed" testListId="8c84fa94-04c1-424b-9868-57a2d4851a1d" relativeResultsDirectory="8ef45e8b-9a24-4223-87cf-5997db8401e8" />
    <UnitTestResult executionId="39016ca5-a7e2-488c-ad1d-1fefe0bac11a" testId="313a5968-f94b-ef3d-6ee4-f26c09757509" testName="InprovePlan.UnitTests.Paging.PaginationTests.GetSkipCount_ShouldReturnCorrectSkip" computerName="DESKTOP-2VE3A54" duration="00:00:00.0001627" startTime="2026-07-28T14:41:27.6134321+08:00" endTime="2026-07-28T14:41:27.6136421+08:00" testType="13cdc9d9-ddb5-4fa4-a97d-d965ccfc6d4b" outcome="Passed" testListId="8c84fa94-04c1-424b-9868-57a2d4851a1d" relativeResultsDirectory="39016ca5-a7e2-488c-ad1d-1fefe0bac11a" />
    <UnitTestResult executionId="5109a77e-fd0e-4aa2-bdb5-f5bcb36ff68e" testId="5507f329-03de-5da1-3e82-d055a876ce97" testName="InprovePlan.UnitTests.AppUsers.UpdateAppUserCommandValidatorTests.Validate_WhenCommandIsValid_ShouldPass" computerName="DESKTOP-2VE3A54" duration="00:00:00.9099227" startTime="2026-07-28T14:41:26.6459755+08:00" endTime="2026-07-28T14:41:27.5614903+08:00" testType="13cdc9d9-ddb5-4fa4-a97d-d965ccfc6d4b" outcome="Passed" testListId="8c84fa94-04c1-424b-9868-57a2d4851a1d" relativeResultsDirectory="5109a77e-fd0e-4aa2-bdb5-f5bcb36ff68e" />
    <UnitTestResult executionId="70cda807-10ba-431f-812e-e28d6469568b" testId="dde94f5e-d035-bbb3-855f-72a8ed335dd9" testName="InprovePlan.UnitTests.AppUsers.CreateAppUserCommandValidatorTests.Validate_WhenPasswordIsTooShort_ShouldHavePasswordValidationError" computerName="DESKTOP-2VE3A54" duration="00:00:00.0003244" startTime="2026-07-28T14:41:27.5945869+08:00" endTime="2026-07-28T14:41:27.5949531+08:00" testType="13cdc9d9-ddb5-4fa4-a97d-d965ccfc6d4b" outcome="Passed" testListId="8c84fa94-04c1-424b-9868-57a2d4851a1d" relativeResultsDirectory="70cda807-10ba-431f-812e-e28d6469568b" />
    <UnitTestResult executionId="62b04357-d879-4f39-a08e-cf09c416d99d" testId="c23872b6-c981-f18a-fc66-342343a018c5" testName="InprovePlan.UnitTests.AppUsers.ChangeAppUserPasswordCommandValidatorTests.Validate_WhenNewPasswordEqualsOldPassword_ShouldHaveNewPasswordValidationError" computerName="DESKTOP-2VE3A54" duration="00:00:00.0006759" startTime="2026-07-28T14:41:27.6133929+08:00" endTime="2026-07-28T14:41:27.6141223+08:00" testType="13cdc9d9-ddb5-4fa4-a97d-d965ccfc6d4b" outcome="Passed" testListId="8c84fa94-04c1-424b-9868-57a2d4851a1d" relativeResultsDirectory="62b04357-d879-4f39-a08e-cf09c416d99d" />
    <UnitTestResult executionId="db45ad64-810e-4849-a100-64c6eca62809" testId="e15078b5-0118-5ca5-6ad7-fc839057718c" testName="InprovePlan.UnitTests.Behaviors.AuthorizationBehaviorTests.Handle_ShouldThrowUnauthorized_WhenCurrentUserIsMissing" computerName="DESKTOP-2VE3A54" duration="00:00:00.0514313" startTime="2026-07-28T14:41:27.9526817+08:00" endTime="2026-07-28T14:41:28.0042544+08:00" testType="13cdc9d9-ddb5-4fa4-a97d-d965ccfc6d4b" outcome="Passed" testListId="8c84fa94-04c1-424b-9868-57a2d4851a1d" relativeResultsDirectory="db45ad64-810e-4849-a100-64c6eca62809" />
    <UnitTestResult executionId="978414ad-e84f-493f-b348-e52aed0d1db0" testId="446d39c3-731c-28a4-9fde-816bab6a913b" testName="InprovePlan.UnitTests.Behaviors.AuthorizationBehaviorTests.Handle_ShouldContinue_WhenCurrentUserIsValid" computerName="DESKTOP-2VE3A54" duration="00:00:00.0268837" startTime="2026-07-28T14:41:27.9242693+08:00" endTime="2026-07-28T14:41:27.9512783+08:00" testType="13cdc9d9-ddb5-4fa4-a97d-d965ccfc6d4b" outcome="Passed" testListId="8c84fa94-04c1-424b-9868-57a2d4851a1d" relativeResultsDirectory="978414ad-e84f-493f-b348-e52aed0d1db0" />
    <UnitTestResult executionId="7ebc165c-3ad0-4d56-ab14-0d033546d25f" testId="b1f78ae2-b206-8acd-6230-fbeb03ccbc9d" testName="InprovePlan.UnitTests.AppUsers.UpdateAppUserCommandValidatorTests.Validate_WhenIdIsInvalid_ShouldHaveIdValidationError" computerName="DESKTOP-2VE3A54" duration="00:00:00.0027685" startTime="2026-07-28T14:41:27.5924349+08:00" endTime="2026-07-28T14:41:27.5955031+08:00" testType="13cdc9d9-ddb5-4fa4-a97d-d965ccfc6d4b" outcome="Passed" testListId="8c84fa94-04c1-424b-9868-57a2d4851a1d" relativeResultsDirectory="7ebc165c-3ad0-4d56-ab14-0d033546d25f" />
    <UnitTestResult executionId="4338b3c8-a48c-4aaa-bdde-883e93bf823e" testId="621f760d-d16b-6cfe-d1c8-b22abfde24db" testName="InprovePlan.UnitTests.AppUsers.CreateAppUserCommandValidatorTests.Validate_WhenCommandIsValid_ShouldPass" computerName="DESKTOP-2VE3A54" duration="00:00:00.0002076" startTime="2026-07-28T14:41:27.5954148+08:00" endTime="2026-07-28T14:41:27.5956586+08:00" testType="13cdc9d9-ddb5-4fa4-a97d-d965ccfc6d4b" outcome="Passed" testListId="8c84fa94-04c1-424b-9868-57a2d4851a1d" relativeResultsDirectory="4338b3c8-a48c-4aaa-bdde-883e93bf823e" />
    <UnitTestResult executionId="f2cb20f6-bde2-4eaf-ba44-7bdcf56d3715" testId="5fc01bdf-8e97-379d-4c48-b6c1095dbedb" testName="InprovePlan.UnitTests.AppUsers.LoginAppUserCommandValidatorTests.Validate_WhenCommandIsValid_ShouldPass" computerName="DESKTOP-2VE3A54" duration="00:00:00.9014042" startTime="2026-07-28T14:41:26.6459813+08:00" endTime="2026-07-28T14:41:27.5567894+08:00" testType="13cdc9d9-ddb5-4fa4-a97d-d965ccfc6d4b" outcome="Passed" testListId="8c84fa94-04c1-424b-9868-57a2d4851a1d" relativeResultsDirectory="f2cb20f6-bde2-4eaf-ba44-7bdcf56d3715" />
    <UnitTestResult executionId="d4ff5649-3908-4ba7-af09-75f05ab6d2f6" testId="773cc498-440a-17c2-1d82-2d831efce8f1" testName="InprovePlan.UnitTests.AppUsers.LoginAppUserCommandValidatorTests.Validate_WhenPasswordIsEmpty_ShouldHavePasswordValidationError" computerName="DESKTOP-2VE3A54" duration="00:00:00.0037598" startTime="2026-07-28T14:41:27.5919423+08:00" endTime="2026-07-28T14:41:27.5957718+08:00" testType="13cdc9d9-ddb5-4fa4-a97d-d965ccfc6d4b" outcome="Passed" testListId="8c84fa94-04c1-424b-9868-57a2d4851a1d" relativeResultsDirectory="d4ff5649-3908-4ba7-af09-75f05ab6d2f6" />
    <UnitTestResult executionId="1bb6abd1-b9ad-4fd4-8051-a7efa04befeb" testId="581727a7-9269-7fe8-9294-b93fc291296d" testName="InprovePlan.UnitTests.Sorting.AppUserSortWhitelistTests.Validate_ShouldFail_WhenSortDirectionIsInvalid" computerName="DESKTOP-2VE3A54" duration="00:00:00.0003221" startTime="2026-07-28T14:41:27.5928341+08:00" endTime="2026-07-28T14:41:27.5932683+08:00" testType="13cdc9d9-ddb5-4fa4-a97d-d965ccfc6d4b" outcome="Passed" testListId="8c84fa94-04c1-424b-9868-57a2d4851a1d" relativeResultsDirectory="1bb6abd1-b9ad-4fd4-8051-a7efa04befeb" />
    <UnitTestResult executionId="ef6e6869-9725-41e0-97e7-a7af84fd8a1a" testId="cd63328a-54ec-3ed8-bf36-f66bad7227d5" testName="InprovePlan.UnitTests.AppUsers.ChangeAppUserPasswordCommandValidatorTests.Validate_WhenCommandIsValid_ShouldPass" computerName="DESKTOP-2VE3A54" duration="00:00:00.0057822" startTime="2026-07-28T14:41:27.6069240+08:00" endTime="2026-07-28T14:41:27.6127657+08:00" testType="13cdc9d9-ddb5-4fa4-a97d-d965ccfc6d4b" outcome="Passed" testListId="8c84fa94-04c1-424b-9868-57a2d4851a1d" relativeResultsDirectory="ef6e6869-9725-41e0-97e7-a7af84fd8a1a" />
    <UnitTestResult executionId="304c5c18-48d3-4f99-b5c8-3785a124fb52" testId="1f2df1ef-09d8-6eb3-6fef-2e18ad1a8f37" testName="InprovePlan.UnitTests.Paging.PaginationTests.Validate_ShouldFail_WhenPageIndexIsInvalid(pageIndex: 0)" computerName="DESKTOP-2VE3A54" duration="00:00:00.0008953" startTime="2026-07-28T14:41:27.6046137+08:00" endTime="2026-07-28T14:41:27.6068664+08:00" testType="13cdc9d9-ddb5-4fa4-a97d-d965ccfc6d4b" outcome="Passed" testListId="8c84fa94-04c1-424b-9868-57a2d4851a1d" relativeResultsDirectory="304c5c18-48d3-4f99-b5c8-3785a124fb52" />
    <UnitTestResult executionId="241db21d-d041-4c7e-9a6f-20c487fd2b0d" testId="b7035a73-387b-8b8d-e229-518d35d9eac9" testName="InprovePlan.UnitTests.Behaviors.AuthorizationBehaviorTests.Handle_ShouldSkipAuthorization_WhenRequestHasNoAttribute" computerName="DESKTOP-2VE3A54" duration="00:00:01.2682963" startTime="2026-07-28T14:41:26.6459877+08:00" endTime="2026-07-28T14:41:27.9235432+08:00" testType="13cdc9d9-ddb5-4fa4-a97d-d965ccfc6d4b" outcome="Passed" testListId="8c84fa94-04c1-424b-9868-57a2d4851a1d" relativeResultsDirectory="241db21d-d041-4c7e-9a6f-20c487fd2b0d" />
    <UnitTestResult executionId="3b55a094-d6ed-4df1-96b3-8c864da74f69" testId="976a7c17-6ac9-e7de-d6ee-f56e71902251" testName="InprovePlan.UnitTests.AppUsers.UpdateAppUserCommandValidatorTests.Validate_WhenEmailIsInvalid_ShouldHaveEmailValidationError" computerName="DESKTOP-2VE3A54" duration="00:00:00.0003637" startTime="2026-07-28T14:41:27.5959122+08:00" endTime="2026-07-28T14:41:27.5963223+08:00" testType="13cdc9d9-ddb5-4fa4-a97d-d965ccfc6d4b" outcome="Passed" testListId="8c84fa94-04c1-424b-9868-57a2d4851a1d" relativeResultsDirectory="3b55a094-d6ed-4df1-96b3-8c864da74f69" />
    <UnitTestResult executionId="a6bb0f81-63a3-40db-971b-cf1bb9c7ea62" testId="970c1adf-3c95-75d4-2239-b112fd08e31b" testName="InprovePlan.UnitTests.Sorting.AppUserSortWhitelistTests.Validate_ShouldPass_WhenSortFieldIsAllowed" computerName="DESKTOP-2VE3A54" duration="00:00:00.0004769" startTime="2026-07-28T14:41:27.5939055+08:00" endTime="2026-07-28T14:41:27.5944325+08:00" testType="13cdc9d9-ddb5-4fa4-a97d-d965ccfc6d4b" outcome="Passed" testListId="8c84fa94-04c1-424b-9868-57a2d4851a1d" relativeResultsDirectory="a6bb0f81-63a3-40db-971b-cf1bb9c7ea62" />
    <UnitTestResult executionId="f1b03304-cd1a-45ec-9829-60746eb6a44e" testId="d4e4ad4e-bc22-eb97-93f1-8e758cd18108" testName="InprovePlan.UnitTests.AppUsers.LoginAppUserCommandValidatorTests.Validate_WhenUserNameIsEmpty_ShouldHaveUserNameValidationError" computerName="DESKTOP-2VE3A54" duration="00:00:00.0001990" startTime="2026-07-28T14:41:27.5962170+08:00" endTime="2026-07-28T14:41:27.5964472+08:00" testType="13cdc9d9-ddb5-4fa4-a97d-d965ccfc6d4b" outcome="Passed" testListId="8c84fa94-04c1-424b-9868-57a2d4851a1d" relativeResultsDirectory="f1b03304-cd1a-45ec-9829-60746eb6a44e" />
    <UnitTestResult executionId="47101864-bcca-4faa-b55e-4e4e0187958b" testId="a1537fcc-fbcf-06e5-47b9-100b0e17f80c" testName="InprovePlan.UnitTests.Behaviors.AuthorizationBehaviorTests.Handle_ShouldThrowForbidden_WhenCurrentUserIsInvalid" computerName="DESKTOP-2VE3A54" duration="00:00:00.0046485" startTime="2026-07-28T14:41:28.0055573+08:00" endTime="2026-07-28T14:41:28.0103160+08:00" testType="13cdc9d9-ddb5-4fa4-a97d-d965ccfc6d4b" outcome="Passed" testListId="8c84fa94-04c1-424b-9868-57a2d4851a1d" relativeResultsDirectory="47101864-bcca-4faa-b55e-4e4e0187958b" />
    <UnitTestResult executionId="54206a13-038a-43b0-89e5-3b1a54d7d917" testId="b79c2947-502e-ef02-afa9-2ae4a841e556" testName="InprovePlan.UnitTests.AppUsers.CreateAppUserCommandValidatorTests.Validate_WhenUserNameIsEmpty_ShouldHaveUserNameValidationError" computerName="DESKTOP-2VE3A54" duration="00:00:00.9123261" startTime="2026-07-28T14:41:26.6459509+08:00" endTime="2026-07-28T14:41:27.5639534+08:00" testType="13cdc9d9-ddb5-4fa4-a97d-d965ccfc6d4b" outcome="Passed" testListId="8c84fa94-04c1-424b-9868-57a2d4851a1d" relativeResultsDirectory="54206a13-038a-43b0-89e5-3b1a54d7d917" />
    <UnitTestResult executionId="03aa6b64-5e0c-4116-a19d-ed691c13771c" testId="37e168ce-b210-1226-f8c8-dd563ee199fc" testName="InprovePlan.UnitTests.AppOrders.AppOrderValidatorTests.Create_WhenCommandIsValid_ShouldPass" computerName="DESKTOP-2VE3A54" duration="00:00:00.0008500" startTime="2026-07-28T14:41:27.6864500+08:00" endTime="2026-07-28T14:41:27.6874750+08:00" testType="13cdc9d9-ddb5-4fa4-a97d-d965ccfc6d4b" outcome="Passed" testListId="8c84fa94-04c1-424b-9868-57a2d4851a1d" relativeResultsDirectory="03aa6b64-5e0c-4116-a19d-ed691c13771c" />
    <UnitTestResult executionId="c9e0d9c6-ce68-428d-9d89-01bdc2125da2" testId="154bda68-9a31-831c-5bfb-8295d40f5b63" testName="InprovePlan.UnitTests.AppOrders.AppOrderValidatorTests.Create_WhenQuantityIsZero_ShouldHaveQuantityValidationError" computerName="DESKTOP-2VE3A54" duration="00:00:00.0130082" startTime="2026-07-28T14:41:27.6349707+08:00" endTime="2026-07-28T14:41:27.6481510+08:00" testType="13cdc9d9-ddb5-4fa4-a97d-d965ccfc6d4b" outcome="Passed" testListId="8c84fa94-04c1-424b-9868-57a2d4851a1d" relativeResultsDirectory="c9e0d9c6-ce68-428d-9d89-01bdc2125da2" />
    <UnitTestResult executionId="02d1ce11-75e8-498a-b923-2f8e2683591d" testId="befde238-9335-977b-e5e3-dccd1ffcc014" testName="InprovePlan.UnitTests.Paging.PagedResultTests.Create_ShouldReturnCorrectPagedResult" computerName="DESKTOP-2VE3A54" duration="00:00:00.9484510" startTime="2026-07-28T14:41:26.6459508+08:00" endTime="2026-07-28T14:41:27.6036950+08:00" testType="13cdc9d9-ddb5-4fa4-a97d-d965ccfc6d4b" outcome="Passed" testListId="8c84fa94-04c1-424b-9868-57a2d4851a1d" relativeResultsDirectory="02d1ce11-75e8-498a-b923-2f8e2683591d" />
    <UnitTestResult executionId="40793dc0-5d92-4023-a6c8-545e02273fe6" testId="38d4f41b-ea8e-11c5-cb28-cc906f1acdfd" testName="InprovePlan.UnitTests.AppUsers.CreateAppUserCommandValidatorTests.Validate_WhenEmailIsInvalid_ShouldHaveEmailValidationError" computerName="DESKTOP-2VE3A54" duration="00:00:00.0014786" startTime="2026-07-28T14:41:27.5924687+08:00" endTime="2026-07-28T14:41:27.5940168+08:00" testType="13cdc9d9-ddb5-4fa4-a97d-d965ccfc6d4b" outcome="Passed" testListId="8c84fa94-04c1-424b-9868-57a2d4851a1d" relativeResultsDirectory="40793dc0-5d92-4023-a6c8-545e02273fe6" />
    <UnitTestResult executionId="a2b950d8-5bae-4ab5-9dd7-5bcaf30dd9d4" testId="bdf5e171-3601-7485-70b8-ed57dc8a27e8" testName="InprovePlan.UnitTests.Paging.PaginationTests.Validate_ShouldFail_WhenPageIndexIsInvalid(pageIndex: -1)" computerName="DESKTOP-2VE3A54" duration="00:00:00.0090446" startTime="2026-07-28T14:41:27.5948257+08:00" endTime="2026-07-28T14:41:27.6039230+08:00" testType="13cdc9d9-ddb5-4fa4-a97d-d965ccfc6d4b" outcome="Passed" testListId="8c84fa94-04c1-424b-9868-57a2d4851a1d" relativeResultsDirectory="a2b950d8-5bae-4ab5-9dd7-5bcaf30dd9d4" />
    <UnitTestResult executionId="9caaed24-7530-4e61-96a5-a80501aaf893" testId="a556fc68-adc0-8dd3-1dfd-66691ff41716" testName="InprovePlan.UnitTests.Paging.PaginationTests.Validate_ShouldFail_WhenPageSizeIsInvalid(pageSize: -1)" computerName="DESKTOP-2VE3A54" duration="00:00:00.0017418" startTime="2026-07-28T14:41:27.6112029+08:00" endTime="2026-07-28T14:41:27.6130273+08:00" testType="13cdc9d9-ddb5-4fa4-a97d-d965ccfc6d4b" outcome="Passed" testListId="8c84fa94-04c1-424b-9868-57a2d4851a1d" relativeResultsDirectory="9caaed24-7530-4e61-96a5-a80501aaf893" />
  </Results>
  <TestDefinitions>
    <UnitTest name="InprovePlan.UnitTests.AppUsers.LoginAppUserCommandValidatorTests.Validate_WhenCommandIsValid_ShouldPass" storage="d:\code\inproveplan\developmentplan\inproveplan\inproveplan.unittests\bin\release\net8.0\inproveplan.unittests.dll" id="5fc01bdf-8e97-379d-4c48-b6c1095dbedb">
      <Execution id="f2cb20f6-bde2-4eaf-ba44-7bdcf56d3715" />
      <TestMethod codeBase="D:\Code\InprovePlan\DevelopmentPlan\InprovePlan\InprovePlan.UnitTests\bin\Release\net8.0\InprovePlan.UnitTests.dll" adapterTypeName="executor://xunit/VsTestRunner3/netcore/" className="InprovePlan.UnitTests.AppUsers.LoginAppUserCommandValidatorTests" name="Validate_WhenCommandIsValid_ShouldPass" />
    </UnitTest>
    <UnitTest name="InprovePlan.UnitTests.Sorting.AppUserSortWhitelistTests.Validate_ShouldPass_WhenSortFieldIsAllowed" storage="d:\code\inproveplan\developmentplan\inproveplan\inproveplan.unittests\bin\release\net8.0\inproveplan.unittests.dll" id="970c1adf-3c95-75d4-2239-b112fd08e31b">
      <Execution id="a6bb0f81-63a3-40db-971b-cf1bb9c7ea62" />
      <TestMethod codeBase="D:\Code\InprovePlan\DevelopmentPlan\InprovePlan\InprovePlan.UnitTests\bin\Release\net8.0\InprovePlan.UnitTests.dll" adapterTypeName="executor://xunit/VsTestRunner3/netcore/" className="InprovePlan.UnitTests.Sorting.AppUserSortWhitelistTests" name="Validate_ShouldPass_WhenSortFieldIsAllowed" />
    </UnitTest>
    <UnitTest name="InprovePlan.UnitTests.Paging.PaginationTests.Validate_ShouldFail_WhenPageIndexIsInvalid(pageIndex: 0)" storage="d:\code\inproveplan\developmentplan\inproveplan\inproveplan.unittests\bin\release\net8.0\inproveplan.unittests.dll" id="1f2df1ef-09d8-6eb3-6fef-2e18ad1a8f37">
      <Execution id="304c5c18-48d3-4f99-b5c8-3785a124fb52" />
      <TestMethod codeBase="D:\Code\InprovePlan\DevelopmentPlan\InprovePlan\InprovePlan.UnitTests\bin\Release\net8.0\InprovePlan.UnitTests.dll" adapterTypeName="executor://xunit/VsTestRunner3/netcore/" className="InprovePlan.UnitTests.Paging.PaginationTests" name="Validate_ShouldFail_WhenPageIndexIsInvalid" />
    </UnitTest>
    <UnitTest name="InprovePlan.UnitTests.AppUsers.CreateAppUserCommandValidatorTests.Validate_WhenPasswordIsTooShort_ShouldHavePasswordValidationError" storage="d:\code\inproveplan\developmentplan\inproveplan\inproveplan.unittests\bin\release\net8.0\inproveplan.unittests.dll" id="dde94f5e-d035-bbb3-855f-72a8ed335dd9">
      <Execution id="70cda807-10ba-431f-812e-e28d6469568b" />
      <TestMethod codeBase="D:\Code\InprovePlan\DevelopmentPlan\InprovePlan\InprovePlan.UnitTests\bin\Release\net8.0\InprovePlan.UnitTests.dll" adapterTypeName="executor://xunit/VsTestRunner3/netcore/" className="InprovePlan.UnitTests.AppUsers.CreateAppUserCommandValidatorTests" name="Validate_WhenPasswordIsTooShort_ShouldHavePasswordValidationError" />
    </UnitTest>
    <UnitTest name="InprovePlan.UnitTests.Paging.PaginationTests.GetSkipCount_ShouldReturnCorrectSkip" storage="d:\code\inproveplan\developmentplan\inproveplan\inproveplan.unittests\bin\release\net8.0\inproveplan.unittests.dll" id="313a5968-f94b-ef3d-6ee4-f26c09757509">
      <Execution id="39016ca5-a7e2-488c-ad1d-1fefe0bac11a" />
      <TestMethod codeBase="D:\Code\InprovePlan\DevelopmentPlan\InprovePlan\InprovePlan.UnitTests\bin\Release\net8.0\InprovePlan.UnitTests.dll" adapterTypeName="executor://xunit/VsTestRunner3/netcore/" className="InprovePlan.UnitTests.Paging.PaginationTests" name="GetSkipCount_ShouldReturnCorrectSkip" />
    </UnitTest>
    <UnitTest name="InprovePlan.UnitTests.Sorting.AppUserSortWhitelistTests.Validate_ShouldFail_WhenSortDirectionIsInvalid" storage="d:\code\inproveplan\developmentplan\inproveplan\inproveplan.unittests\bin\release\net8.0\inproveplan.unittests.dll" id="581727a7-9269-7fe8-9294-b93fc291296d">
      <Execution id="1bb6abd1-b9ad-4fd4-8051-a7efa04befeb" />
      <TestMethod codeBase="D:\Code\InprovePlan\DevelopmentPlan\InprovePlan\InprovePlan.UnitTests\bin\Release\net8.0\InprovePlan.UnitTests.dll" adapterTypeName="executor://xunit/VsTestRunner3/netcore/" className="InprovePlan.UnitTests.Sorting.AppUserSortWhitelistTests" name="Validate_ShouldFail_WhenSortDirectionIsInvalid" />
    </UnitTest>
    <UnitTest name="InprovePlan.UnitTests.Products.ProductValidatorTests.Create_WhenProductCodeIsTooLong_ShouldHaveProductCodeValidationError" storage="d:\code\inproveplan\developmentplan\inproveplan\inproveplan.unittests\bin\release\net8.0\inproveplan.unittests.dll" id="498e37d8-4acd-380d-b925-e3d17750981f">
      <Execution id="45d1fa53-3693-4c60-82c8-43ce9daec034" />
      <TestMethod codeBase="D:\Code\InprovePlan\DevelopmentPlan\InprovePlan\InprovePlan.UnitTests\bin\Release\net8.0\InprovePlan.UnitTests.dll" adapterTypeName="executor://xunit/VsTestRunner3/netcore/" className="InprovePlan.UnitTests.Products.ProductValidatorTests" name="Create_WhenProductCodeIsTooLong_ShouldHaveProductCodeValidationError" />
    </UnitTest>
    <UnitTest name="InprovePlan.UnitTests.AppUsers.LoginAppUserCommandValidatorTests.Validate_WhenPasswordIsEmpty_ShouldHavePasswordValidationError" storage="d:\code\inproveplan\developmentplan\inproveplan\inproveplan.unittests\bin\release\net8.0\inproveplan.unittests.dll" id="773cc498-440a-17c2-1d82-2d831efce8f1">
      <Execution id="d4ff5649-3908-4ba7-af09-75f05ab6d2f6" />
      <TestMethod codeBase="D:\Code\InprovePlan\DevelopmentPlan\InprovePlan\InprovePlan.UnitTests\bin\Release\net8.0\InprovePlan.UnitTests.dll" adapterTypeName="executor://xunit/VsTestRunner3/netcore/" className="InprovePlan.UnitTests.AppUsers.LoginAppUserCommandValidatorTests" name="Validate_WhenPasswordIsEmpty_ShouldHavePasswordValidationError" />
    </UnitTest>
    <UnitTest name="InprovePlan.UnitTests.AppOrders.AppOrderValidatorTests.Create_WhenProductIdIsInvalid_ShouldHaveProductIdValidationError" storage="d:\code\inproveplan\developmentplan\inproveplan\inproveplan.unittests\bin\release\net8.0\inproveplan.unittests.dll" id="fb887940-259f-6c11-8fd4-65c50c0a6cfb">
      <Execution id="4e4f030d-f282-4fc4-8f0a-c2f78c24bc4f" />
      <TestMethod codeBase="D:\Code\InprovePlan\DevelopmentPlan\InprovePlan\InprovePlan.UnitTests\bin\Release\net8.0\InprovePlan.UnitTests.dll" adapterTypeName="executor://xunit/VsTestRunner3/netcore/" className="InprovePlan.UnitTests.AppOrders.AppOrderValidatorTests" name="Create_WhenProductIdIsInvalid_ShouldHaveProductIdValidationError" />
    </UnitTest>
    <UnitTest name="InprovePlan.UnitTests.Paging.PagedResultTests.Create_ShouldReturnCorrectPagedResult" storage="d:\code\inproveplan\developmentplan\inproveplan\inproveplan.unittests\bin\release\net8.0\inproveplan.unittests.dll" id="befde238-9335-977b-e5e3-dccd1ffcc014">
      <Execution id="02d1ce11-75e8-498a-b923-2f8e2683591d" />
      <TestMethod codeBase="D:\Code\InprovePlan\DevelopmentPlan\InprovePlan\InprovePlan.UnitTests\bin\Release\net8.0\InprovePlan.UnitTests.dll" adapterTypeName="executor://xunit/VsTestRunner3/netcore/" className="InprovePlan.UnitTests.Paging.PagedResultTests" name="Create_ShouldReturnCorrectPagedResult" />
    </UnitTest>
    <UnitTest name="InprovePlan.UnitTests.Behaviors.AuthorizationBehaviorTests.Handle_ShouldThrowUnauthorized_WhenCurrentUserIsMissing" storage="d:\code\inproveplan\developmentplan\inproveplan\inproveplan.unittests\bin\release\net8.0\inproveplan.unittests.dll" id="e15078b5-0118-5ca5-6ad7-fc839057718c">
      <Execution id="db45ad64-810e-4849-a100-64c6eca62809" />
      <TestMethod codeBase="D:\Code\InprovePlan\DevelopmentPlan\InprovePlan\InprovePlan.UnitTests\bin\Release\net8.0\InprovePlan.UnitTests.dll" adapterTypeName="executor://xunit/VsTestRunner3/netcore/" className="InprovePlan.UnitTests.Behaviors.AuthorizationBehaviorTests" name="Handle_ShouldThrowUnauthorized_WhenCurrentUserIsMissing" />
    </UnitTest>
    <UnitTest name="InprovePlan.UnitTests.Paging.PaginationTests.Validate_ShouldFail_WhenPageIndexIsInvalid(pageIndex: -1)" storage="d:\code\inproveplan\developmentplan\inproveplan\inproveplan.unittests\bin\release\net8.0\inproveplan.unittests.dll" id="bdf5e171-3601-7485-70b8-ed57dc8a27e8">
      <Execution id="a2b950d8-5bae-4ab5-9dd7-5bcaf30dd9d4" />
      <TestMethod codeBase="D:\Code\InprovePlan\DevelopmentPlan\InprovePlan\InprovePlan.UnitTests\bin\Release\net8.0\InprovePlan.UnitTests.dll" adapterTypeName="executor://xunit/VsTestRunner3/netcore/" className="InprovePlan.UnitTests.Paging.PaginationTests" name="Validate_ShouldFail_WhenPageIndexIsInvalid" />
    </UnitTest>
    <UnitTest name="InprovePlan.UnitTests.AppOrders.AppOrderValidatorTests.GetPaged_WhenStartTimeGreaterThanEndTime_ShouldHaveDateRangeValidationError" storage="d:\code\inproveplan\developmentplan\inproveplan\inproveplan.unittests\bin\release\net8.0\inproveplan.unittests.dll" id="72957075-3ac9-838b-2249-58a25bd278c4">
      <Execution id="66d769a4-b576-430f-a895-7a9bb0aac152" />
      <TestMethod codeBase="D:\Code\InprovePlan\DevelopmentPlan\InprovePlan\InprovePlan.UnitTests\bin\Release\net8.0\InprovePlan.UnitTests.dll" adapterTypeName="executor://xunit/VsTestRunner3/netcore/" className="InprovePlan.UnitTests.AppOrders.AppOrderValidatorTests" name="GetPaged_WhenStartTimeGreaterThanEndTime_ShouldHaveDateRangeValidationError" />
    </UnitTest>
    <UnitTest name="InprovePlan.UnitTests.AppUsers.ChangeAppUserPasswordCommandValidatorTests.Validate_WhenNewPasswordEqualsOldPassword_ShouldHaveNewPasswordValidationError" storage="d:\code\inproveplan\developmentplan\inproveplan\inproveplan.unittests\bin\release\net8.0\inproveplan.unittests.dll" id="c23872b6-c981-f18a-fc66-342343a018c5">
      <Execution id="62b04357-d879-4f39-a08e-cf09c416d99d" />
      <TestMethod codeBase="D:\Code\InprovePlan\DevelopmentPlan\InprovePlan\InprovePlan.UnitTests\bin\Release\net8.0\InprovePlan.UnitTests.dll" adapterTypeName="executor://xunit/VsTestRunner3/netcore/" className="InprovePlan.UnitTests.AppUsers.ChangeAppUserPasswordCommandValidatorTests" name="Validate_WhenNewPasswordEqualsOldPassword_ShouldHaveNewPasswordValidationError" />
    </UnitTest>
    <UnitTest name="InprovePlan.UnitTests.AppUsers.CreateAppUserCommandValidatorTests.Validate_WhenCommandIsValid_ShouldPass" storage="d:\code\inproveplan\developmentplan\inproveplan\inproveplan.unittests\bin\release\net8.0\inproveplan.unittests.dll" id="621f760d-d16b-6cfe-d1c8-b22abfde24db">
      <Execution id="4338b3c8-a48c-4aaa-bdde-883e93bf823e" />
      <TestMethod codeBase="D:\Code\InprovePlan\DevelopmentPlan\InprovePlan\InprovePlan.UnitTests\bin\Release\net8.0\InprovePlan.UnitTests.dll" adapterTypeName="executor://xunit/VsTestRunner3/netcore/" className="InprovePlan.UnitTests.AppUsers.CreateAppUserCommandValidatorTests" name="Validate_WhenCommandIsValid_ShouldPass" />
    </UnitTest>
    <UnitTest name="InprovePlan.UnitTests.AppOrders.AppOrderValidatorTests.Create_WhenQuantityIsZero_ShouldHaveQuantityValidationError" storage="d:\code\inproveplan\developmentplan\inproveplan\inproveplan.unittests\bin\release\net8.0\inproveplan.unittests.dll" id="154bda68-9a31-831c-5bfb-8295d40f5b63">
      <Execution id="c9e0d9c6-ce68-428d-9d89-01bdc2125da2" />
      <TestMethod codeBase="D:\Code\InprovePlan\DevelopmentPlan\InprovePlan\InprovePlan.UnitTests\bin\Release\net8.0\InprovePlan.UnitTests.dll" adapterTypeName="executor://xunit/VsTestRunner3/netcore/" className="InprovePlan.UnitTests.AppOrders.AppOrderValidatorTests" name="Create_WhenQuantityIsZero_ShouldHaveQuantityValidationError" />
    </UnitTest>
    <UnitTest name="InprovePlan.UnitTests.Products.ProductValidatorTests.GetPaged_WhenQueryIsValid_ShouldPass" storage="d:\code\inproveplan\developmentplan\inproveplan\inproveplan.unittests\bin\release\net8.0\inproveplan.unittests.dll" id="4db8236c-8045-2f65-e051-9be5b23cf6cd">
      <Execution id="68f16421-359f-4008-951b-2eddde5d5525" />
      <TestMethod codeBase="D:\Code\InprovePlan\DevelopmentPlan\InprovePlan\InprovePlan.UnitTests\bin\Release\net8.0\InprovePlan.UnitTests.dll" adapterTypeName="executor://xunit/VsTestRunner3/netcore/" className="InprovePlan.UnitTests.Products.ProductValidatorTests" name="GetPaged_WhenQueryIsValid_ShouldPass" />
    </UnitTest>
    <UnitTest name="InprovePlan.UnitTests.Products.ProductValidatorTests.Create_WhenCurrencyLengthIsInvalid_ShouldHaveCurrencyValidationError" storage="d:\code\inproveplan\developmentplan\inproveplan\inproveplan.unittests\bin\release\net8.0\inproveplan.unittests.dll" id="230e1428-73ec-6ed7-dbc2-3b6e46d05851">
      <Execution id="8ef45e8b-9a24-4223-87cf-5997db8401e8" />
      <TestMethod codeBase="D:\Code\InprovePlan\DevelopmentPlan\InprovePlan\InprovePlan.UnitTests\bin\Release\net8.0\InprovePlan.UnitTests.dll" adapterTypeName="executor://xunit/VsTestRunner3/netcore/" className="InprovePlan.UnitTests.Products.ProductValidatorTests" name="Create_WhenCurrencyLengthIsInvalid_ShouldHaveCurrencyValidationError" />
    </UnitTest>
    <UnitTest name="InprovePlan.UnitTests.Products.ProductValidatorTests.Update_WhenProductStatusIsInvalid_ShouldHaveProductStatusValidationError" storage="d:\code\inproveplan\developmentplan\inproveplan\inproveplan.unittests\bin\release\net8.0\inproveplan.unittests.dll" id="b38125a0-2cb5-ab68-9e1b-2797333a5977">
      <Execution id="03d72801-6db5-4f25-88dd-df0126cf2c58" />
      <TestMethod codeBase="D:\Code\InprovePlan\DevelopmentPlan\InprovePlan\InprovePlan.UnitTests\bin\Release\net8.0\InprovePlan.UnitTests.dll" adapterTypeName="executor://xunit/VsTestRunner3/netcore/" className="InprovePlan.UnitTests.Products.ProductValidatorTests" name="Update_WhenProductStatusIsInvalid_ShouldHaveProductStatusValidationError" />
    </UnitTest>
    <UnitTest name="InprovePlan.UnitTests.AppOrders.AppOrderValidatorTests.Create_WhenQuantityScaleIsInvalid_ShouldHaveQuantityValidationError" storage="d:\code\inproveplan\developmentplan\inproveplan\inproveplan.unittests\bin\release\net8.0\inproveplan.unittests.dll" id="ec4a8c55-99d7-a32e-033c-7e9cf6c2ebae">
      <Execution id="ba514a94-fc60-4f78-8586-359ba3553b99" />
      <TestMethod codeBase="D:\Code\InprovePlan\DevelopmentPlan\InprovePlan\InprovePlan.UnitTests\bin\Release\net8.0\InprovePlan.UnitTests.dll" adapterTypeName="executor://xunit/VsTestRunner3/netcore/" className="InprovePlan.UnitTests.AppOrders.AppOrderValidatorTests" name="Create_WhenQuantityScaleIsInvalid_ShouldHaveQuantityValidationError" />
    </UnitTest>
    <UnitTest name="InprovePlan.UnitTests.AppUsers.ChangeAppUserPasswordCommandValidatorTests.Validate_WhenConfirmPasswordIsDifferent_ShouldHaveConfirmPasswordValidationError" storage="d:\code\inproveplan\developmentplan\inproveplan\inproveplan.unittests\bin\release\net8.0\inproveplan.unittests.dll" id="f4c26dd3-5b66-2d04-934d-47b241d1b847">
      <Execution id="e73a7d66-9602-4b0d-9394-c68ca38a1952" />
      <TestMethod codeBase="D:\Code\InprovePlan\DevelopmentPlan\InprovePlan\InprovePlan.UnitTests\bin\Release\net8.0\InprovePlan.UnitTests.dll" adapterTypeName="executor://xunit/VsTestRunner3/netcore/" className="InprovePlan.UnitTests.AppUsers.ChangeAppUserPasswordCommandValidatorTests" name="Validate_WhenConfirmPasswordIsDifferent_ShouldHaveConfirmPasswordValidationError" />
    </UnitTest>
    <UnitTest name="InprovePlan.UnitTests.Behaviors.AuthorizationBehaviorTests.Handle_ShouldThrowForbidden_WhenCurrentUserIsInvalid" storage="d:\code\inproveplan\developmentplan\inproveplan\inproveplan.unittests\bin\release\net8.0\inproveplan.unittests.dll" id="a1537fcc-fbcf-06e5-47b9-100b0e17f80c">
      <Execution id="47101864-bcca-4faa-b55e-4e4e0187958b" />
      <TestMethod codeBase="D:\Code\InprovePlan\DevelopmentPlan\InprovePlan\InprovePlan.UnitTests\bin\Release\net8.0\InprovePlan.UnitTests.dll" adapterTypeName="executor://xunit/VsTestRunner3/netcore/" className="InprovePlan.UnitTests.Behaviors.AuthorizationBehaviorTests" name="Handle_ShouldThrowForbidden_WhenCurrentUserIsInvalid" />
    </UnitTest>
    <UnitTest name="InprovePlan.UnitTests.AppOrders.AppOrderValidatorTests.ChangeStatus_WhenStatusIsInvalid_ShouldHaveOrderStatusValidationError" storage="d:\code\inproveplan\developmentplan\inproveplan\inproveplan.unittests\bin\release\net8.0\inproveplan.unittests.dll" id="a09ba502-2a2c-a708-85b8-75e46c35ccef">
      <Execution id="109b99f0-d9db-499b-9bc6-a914475a7f01" />
      <TestMethod codeBase="D:\Code\InprovePlan\DevelopmentPlan\InprovePlan\InprovePlan.UnitTests\bin\Release\net8.0\InprovePlan.UnitTests.dll" adapterTypeName="executor://xunit/VsTestRunner3/netcore/" className="InprovePlan.UnitTests.AppOrders.AppOrderValidatorTests" name="ChangeStatus_WhenStatusIsInvalid_ShouldHaveOrderStatusValidationError" />
    </UnitTest>
    <UnitTest name="InprovePlan.UnitTests.Paging.PaginationTests.Validate_ShouldFail_WhenPageSizeIsInvalid(pageSize: 0)" storage="d:\code\inproveplan\developmentplan\inproveplan\inproveplan.unittests\bin\release\net8.0\inproveplan.unittests.dll" id="ea896a93-f09a-5b17-b3c1-71200d6d0a21">
      <Execution id="0a0c07ac-2f5e-4c7a-8790-60d4c5e7582b" />
      <TestMethod codeBase="D:\Code\InprovePlan\DevelopmentPlan\InprovePlan\InprovePlan.UnitTests\bin\Release\net8.0\InprovePlan.UnitTests.dll" adapterTypeName="executor://xunit/VsTestRunner3/netcore/" className="InprovePlan.UnitTests.Paging.PaginationTests" name="Validate_ShouldFail_WhenPageSizeIsInvalid" />
    </UnitTest>
    <UnitTest name="InprovePlan.UnitTests.AppUsers.UpdateAppUserCommandValidatorTests.Validate_WhenEmailIsInvalid_ShouldHaveEmailValidationError" storage="d:\code\inproveplan\developmentplan\inproveplan\inproveplan.unittests\bin\release\net8.0\inproveplan.unittests.dll" id="976a7c17-6ac9-e7de-d6ee-f56e71902251">
      <Execution id="3b55a094-d6ed-4df1-96b3-8c864da74f69" />
      <TestMethod codeBase="D:\Code\InprovePlan\DevelopmentPlan\InprovePlan\InprovePlan.UnitTests\bin\Release\net8.0\InprovePlan.UnitTests.dll" adapterTypeName="executor://xunit/VsTestRunner3/netcore/" className="InprovePlan.UnitTests.AppUsers.UpdateAppUserCommandValidatorTests" name="Validate_WhenEmailIsInvalid_ShouldHaveEmailValidationError" />
    </UnitTest>
    <UnitTest name="InprovePlan.UnitTests.Paging.PaginationTests.Validate_ShouldFail_WhenPageSizeIsInvalid(pageSize: -1)" storage="d:\code\inproveplan\developmentplan\inproveplan\inproveplan.unittests\bin\release\net8.0\inproveplan.unittests.dll" id="a556fc68-adc0-8dd3-1dfd-66691ff41716">
      <Execution id="9caaed24-7530-4e61-96a5-a80501aaf893" />
      <TestMethod codeBase="D:\Code\InprovePlan\DevelopmentPlan\InprovePlan\InprovePlan.UnitTests\bin\Release\net8.0\InprovePlan.UnitTests.dll" adapterTypeName="executor://xunit/VsTestRunner3/netcore/" className="InprovePlan.UnitTests.Paging.PaginationTests" name="Validate_ShouldFail_WhenPageSizeIsInvalid" />
    </UnitTest>
    <UnitTest name="InprovePlan.UnitTests.AppUsers.ChangeAppUserPasswordCommandValidatorTests.Validate_WhenCommandIsValid_ShouldPass" storage="d:\code\inproveplan\developmentplan\inproveplan\inproveplan.unittests\bin\release\net8.0\inproveplan.unittests.dll" id="cd63328a-54ec-3ed8-bf36-f66bad7227d5">
      <Execution id="ef6e6869-9725-41e0-97e7-a7af84fd8a1a" />
      <TestMethod codeBase="D:\Code\InprovePlan\DevelopmentPlan\InprovePlan\InprovePlan.UnitTests\bin\Release\net8.0\InprovePlan.UnitTests.dll" adapterTypeName="executor://xunit/VsTestRunner3/netcore/" className="InprovePlan.UnitTests.AppUsers.ChangeAppUserPasswordCommandValidatorTests" name="Validate_WhenCommandIsValid_ShouldPass" />
    </UnitTest>
    <UnitTest name="InprovePlan.UnitTests.AppUsers.UpdateAppUserCommandValidatorTests.Validate_WhenIdIsInvalid_ShouldHaveIdValidationError" storage="d:\code\inproveplan\developmentplan\inproveplan\inproveplan.unittests\bin\release\net8.0\inproveplan.unittests.dll" id="b1f78ae2-b206-8acd-6230-fbeb03ccbc9d">
      <Execution id="7ebc165c-3ad0-4d56-ab14-0d033546d25f" />
      <TestMethod codeBase="D:\Code\InprovePlan\DevelopmentPlan\InprovePlan\InprovePlan.UnitTests\bin\Release\net8.0\InprovePlan.UnitTests.dll" adapterTypeName="executor://xunit/VsTestRunner3/netcore/" className="InprovePlan.UnitTests.AppUsers.UpdateAppUserCommandValidatorTests" name="Validate_WhenIdIsInvalid_ShouldHaveIdValidationError" />
    </UnitTest>
    <UnitTest name="InprovePlan.UnitTests.Sorting.AppUserSortWhitelistTests.Validate_ShouldFail_WhenSortFieldIsNotAllowed" storage="d:\code\inproveplan\developmentplan\inproveplan\inproveplan.unittests\bin\release\net8.0\inproveplan.unittests.dll" id="fe52fc8b-d455-ca83-62b7-63f1c292d72e">
      <Execution id="55b3f9df-ccd9-4d09-9420-3e46e03b9c94" />
      <TestMethod codeBase="D:\Code\InprovePlan\DevelopmentPlan\InprovePlan\InprovePlan.UnitTests\bin\Release\net8.0\InprovePlan.UnitTests.dll" adapterTypeName="executor://xunit/VsTestRunner3/netcore/" className="InprovePlan.UnitTests.Sorting.AppUserSortWhitelistTests" name="Validate_ShouldFail_WhenSortFieldIsNotAllowed" />
    </UnitTest>
    <UnitTest name="InprovePlan.UnitTests.Products.ProductValidatorTests.Create_WhenCommandIsValid_ShouldPass" storage="d:\code\inproveplan\developmentplan\inproveplan\inproveplan.unittests\bin\release\net8.0\inproveplan.unittests.dll" id="528d428e-1543-c44d-1a94-ad7c5d06676e">
      <Execution id="9f5180bd-5c8c-49f5-a1ed-9700cb4e3a9a" />
      <TestMethod codeBase="D:\Code\InprovePlan\DevelopmentPlan\InprovePlan\InprovePlan.UnitTests\bin\Release\net8.0\InprovePlan.UnitTests.dll" adapterTypeName="executor://xunit/VsTestRunner3/netcore/" className="InprovePlan.UnitTests.Products.ProductValidatorTests" name="Create_WhenCommandIsValid_ShouldPass" />
    </UnitTest>
    <UnitTest name="InprovePlan.UnitTests.Paging.PagedResultTests.Create_ShouldReturnEmptyItems_WhenItemsIsNull" storage="d:\code\inproveplan\developmentplan\inproveplan\inproveplan.unittests\bin\release\net8.0\inproveplan.unittests.dll" id="dabbcafd-c102-5364-7359-072c419f1fa0">
      <Execution id="78deab23-61a9-406b-a542-92d61b27ee55" />
      <TestMethod codeBase="D:\Code\InprovePlan\DevelopmentPlan\InprovePlan\InprovePlan.UnitTests\bin\Release\net8.0\InprovePlan.UnitTests.dll" adapterTypeName="executor://xunit/VsTestRunner3/netcore/" className="InprovePlan.UnitTests.Paging.PagedResultTests" name="Create_ShouldReturnEmptyItems_WhenItemsIsNull" />
    </UnitTest>
    <UnitTest name="InprovePlan.UnitTests.AppOrders.AppOrderValidatorTests.Create_WhenCommandIsValid_ShouldPass" storage="d:\code\inproveplan\developmentplan\inproveplan\inproveplan.unittests\bin\release\net8.0\inproveplan.unittests.dll" id="37e168ce-b210-1226-f8c8-dd563ee199fc">
      <Execution id="03aa6b64-5e0c-4116-a19d-ed691c13771c" />
      <TestMethod codeBase="D:\Code\InprovePlan\DevelopmentPlan\InprovePlan\InprovePlan.UnitTests\bin\Release\net8.0\InprovePlan.UnitTests.dll" adapterTypeName="executor://xunit/VsTestRunner3/netcore/" className="InprovePlan.UnitTests.AppOrders.AppOrderValidatorTests" name="Create_WhenCommandIsValid_ShouldPass" />
    </UnitTest>
    <UnitTest name="InprovePlan.UnitTests.AppUsers.LoginAppUserCommandValidatorTests.Validate_WhenUserNameIsEmpty_ShouldHaveUserNameValidationError" storage="d:\code\inproveplan\developmentplan\inproveplan\inproveplan.unittests\bin\release\net8.0\inproveplan.unittests.dll" id="d4e4ad4e-bc22-eb97-93f1-8e758cd18108">
      <Execution id="f1b03304-cd1a-45ec-9829-60746eb6a44e" />
      <TestMethod codeBase="D:\Code\InprovePlan\DevelopmentPlan\InprovePlan\InprovePlan.UnitTests\bin\Release\net8.0\InprovePlan.UnitTests.dll" adapterTypeName="executor://xunit/VsTestRunner3/netcore/" className="InprovePlan.UnitTests.AppUsers.LoginAppUserCommandValidatorTests" name="Validate_WhenUserNameIsEmpty_ShouldHaveUserNameValidationError" />
    </UnitTest>
    <UnitTest name="InprovePlan.UnitTests.Paging.PaginationTests.Validate_ShouldFail_WhenPageSizeIsInvalid(pageSize: 101)" storage="d:\code\inproveplan\developmentplan\inproveplan\inproveplan.unittests\bin\release\net8.0\inproveplan.unittests.dll" id="f39e7885-60e0-dc3e-6f95-4d4d35cad0d3">
      <Execution id="a4b5a209-49a9-4dde-8e26-633fe4e1ddaa" />
      <TestMethod codeBase="D:\Code\InprovePlan\DevelopmentPlan\InprovePlan\InprovePlan.UnitTests\bin\Release\net8.0\InprovePlan.UnitTests.dll" adapterTypeName="executor://xunit/VsTestRunner3/netcore/" className="InprovePlan.UnitTests.Paging.PaginationTests" name="Validate_ShouldFail_WhenPageSizeIsInvalid" />
    </UnitTest>
    <UnitTest name="InprovePlan.UnitTests.AppUsers.UpdateAppUserCommandValidatorTests.Validate_WhenCommandIsValid_ShouldPass" storage="d:\code\inproveplan\developmentplan\inproveplan\inproveplan.unittests\bin\release\net8.0\inproveplan.unittests.dll" id="5507f329-03de-5da1-3e82-d055a876ce97">
      <Execution id="5109a77e-fd0e-4aa2-bdb5-f5bcb36ff68e" />
      <TestMethod codeBase="D:\Code\InprovePlan\DevelopmentPlan\InprovePlan\InprovePlan.UnitTests\bin\Release\net8.0\InprovePlan.UnitTests.dll" adapterTypeName="executor://xunit/VsTestRunner3/netcore/" className="InprovePlan.UnitTests.AppUsers.UpdateAppUserCommandValidatorTests" name="Validate_WhenCommandIsValid_ShouldPass" />
    </UnitTest>
    <UnitTest name="InprovePlan.UnitTests.Behaviors.AuthorizationBehaviorTests.Handle_ShouldSkipAuthorization_WhenRequestHasNoAttribute" storage="d:\code\inproveplan\developmentplan\inproveplan\inproveplan.unittests\bin\release\net8.0\inproveplan.unittests.dll" id="b7035a73-387b-8b8d-e229-518d35d9eac9">
      <Execution id="241db21d-d041-4c7e-9a6f-20c487fd2b0d" />
      <TestMethod codeBase="D:\Code\InprovePlan\DevelopmentPlan\InprovePlan\InprovePlan.UnitTests\bin\Release\net8.0\InprovePlan.UnitTests.dll" adapterTypeName="executor://xunit/VsTestRunner3/netcore/" className="InprovePlan.UnitTests.Behaviors.AuthorizationBehaviorTests" name="Handle_ShouldSkipAuthorization_WhenRequestHasNoAttribute" />
    </UnitTest>
    <UnitTest name="InprovePlan.UnitTests.AppUsers.CreateAppUserCommandValidatorTests.Validate_WhenEmailIsInvalid_ShouldHaveEmailValidationError" storage="d:\code\inproveplan\developmentplan\inproveplan\inproveplan.unittests\bin\release\net8.0\inproveplan.unittests.dll" id="38d4f41b-ea8e-11c5-cb28-cc906f1acdfd">
      <Execution id="40793dc0-5d92-4023-a6c8-545e02273fe6" />
      <TestMethod codeBase="D:\Code\InprovePlan\DevelopmentPlan\InprovePlan\InprovePlan.UnitTests\bin\Release\net8.0\InprovePlan.UnitTests.dll" adapterTypeName="executor://xunit/VsTestRunner3/netcore/" className="InprovePlan.UnitTests.AppUsers.CreateAppUserCommandValidatorTests" name="Validate_WhenEmailIsInvalid_ShouldHaveEmailValidationError" />
    </UnitTest>
    <UnitTest name="InprovePlan.UnitTests.Products.ProductValidatorTests.Delete_WhenIdIsInvalid_ShouldHaveIdValidationError" storage="d:\code\inproveplan\developmentplan\inproveplan\inproveplan.unittests\bin\release\net8.0\inproveplan.unittests.dll" id="9aabe6ed-e001-7374-c134-292367c03550">
      <Execution id="203a2c57-e5b1-4cf0-bfc1-259627e08f45" />
      <TestMethod codeBase="D:\Code\InprovePlan\DevelopmentPlan\InprovePlan\InprovePlan.UnitTests\bin\Release\net8.0\InprovePlan.UnitTests.dll" adapterTypeName="executor://xunit/VsTestRunner3/netcore/" className="InprovePlan.UnitTests.Products.ProductValidatorTests" name="Delete_WhenIdIsInvalid_ShouldHaveIdValidationError" />
    </UnitTest>
    <UnitTest name="InprovePlan.UnitTests.Paging.PaginationTests.Validate_ShouldPass_WhenPaginationIsValid" storage="d:\code\inproveplan\developmentplan\inproveplan\inproveplan.unittests\bin\release\net8.0\inproveplan.unittests.dll" id="e4667e2f-c69a-9098-1008-34b6278eace3">
      <Execution id="518d7cc6-07b0-49f6-a5d1-493ec93e6ed0" />
      <TestMethod codeBase="D:\Code\InprovePlan\DevelopmentPlan\InprovePlan\InprovePlan.UnitTests\bin\Release\net8.0\InprovePlan.UnitTests.dll" adapterTypeName="executor://xunit/VsTestRunner3/netcore/" className="InprovePlan.UnitTests.Paging.PaginationTests" name="Validate_ShouldPass_WhenPaginationIsValid" />
    </UnitTest>
    <UnitTest name="InprovePlan.UnitTests.AppUsers.CreateAppUserCommandValidatorTests.Validate_WhenUserNameIsEmpty_ShouldHaveUserNameValidationError" storage="d:\code\inproveplan\developmentplan\inproveplan\inproveplan.unittests\bin\release\net8.0\inproveplan.unittests.dll" id="b79c2947-502e-ef02-afa9-2ae4a841e556">
      <Execution id="54206a13-038a-43b0-89e5-3b1a54d7d917" />
      <TestMethod codeBase="D:\Code\InprovePlan\DevelopmentPlan\InprovePlan\InprovePlan.UnitTests\bin\Release\net8.0\InprovePlan.UnitTests.dll" adapterTypeName="executor://xunit/VsTestRunner3/netcore/" className="InprovePlan.UnitTests.AppUsers.CreateAppUserCommandValidatorTests" name="Validate_WhenUserNameIsEmpty_ShouldHaveUserNameValidationError" />
    </UnitTest>
    <UnitTest name="InprovePlan.UnitTests.Behaviors.AuthorizationBehaviorTests.Handle_ShouldContinue_WhenCurrentUserIsValid" storage="d:\code\inproveplan\developmentplan\inproveplan\inproveplan.unittests\bin\release\net8.0\inproveplan.unittests.dll" id="446d39c3-731c-28a4-9fde-816bab6a913b">
      <Execution id="978414ad-e84f-493f-b348-e52aed0d1db0" />
      <TestMethod codeBase="D:\Code\InprovePlan\DevelopmentPlan\InprovePlan\InprovePlan.UnitTests\bin\Release\net8.0\InprovePlan.UnitTests.dll" adapterTypeName="executor://xunit/VsTestRunner3/netcore/" className="InprovePlan.UnitTests.Behaviors.AuthorizationBehaviorTests" name="Handle_ShouldContinue_WhenCurrentUserIsValid" />
    </UnitTest>
  </TestDefinitions>
  <TestEntries>
    <TestEntry testId="f39e7885-60e0-dc3e-6f95-4d4d35cad0d3" executionId="a4b5a209-49a9-4dde-8e26-633fe4e1ddaa" testListId="8c84fa94-04c1-424b-9868-57a2d4851a1d" />
    <TestEntry testId="f4c26dd3-5b66-2d04-934d-47b241d1b847" executionId="e73a7d66-9602-4b0d-9394-c68ca38a1952" testListId="8c84fa94-04c1-424b-9868-57a2d4851a1d" />
    <TestEntry testId="dabbcafd-c102-5364-7359-072c419f1fa0" executionId="78deab23-61a9-406b-a542-92d61b27ee55" testListId="8c84fa94-04c1-424b-9868-57a2d4851a1d" />
    <TestEntry testId="528d428e-1543-c44d-1a94-ad7c5d06676e" executionId="9f5180bd-5c8c-49f5-a1ed-9700cb4e3a9a" testListId="8c84fa94-04c1-424b-9868-57a2d4851a1d" />
    <TestEntry testId="a09ba502-2a2c-a708-85b8-75e46c35ccef" executionId="109b99f0-d9db-499b-9bc6-a914475a7f01" testListId="8c84fa94-04c1-424b-9868-57a2d4851a1d" />
    <TestEntry testId="b38125a0-2cb5-ab68-9e1b-2797333a5977" executionId="03d72801-6db5-4f25-88dd-df0126cf2c58" testListId="8c84fa94-04c1-424b-9868-57a2d4851a1d" />
    <TestEntry testId="498e37d8-4acd-380d-b925-e3d17750981f" executionId="45d1fa53-3693-4c60-82c8-43ce9daec034" testListId="8c84fa94-04c1-424b-9868-57a2d4851a1d" />
    <TestEntry testId="ec4a8c55-99d7-a32e-033c-7e9cf6c2ebae" executionId="ba514a94-fc60-4f78-8586-359ba3553b99" testListId="8c84fa94-04c1-424b-9868-57a2d4851a1d" />
    <TestEntry testId="fe52fc8b-d455-ca83-62b7-63f1c292d72e" executionId="55b3f9df-ccd9-4d09-9420-3e46e03b9c94" testListId="8c84fa94-04c1-424b-9868-57a2d4851a1d" />
    <TestEntry testId="4db8236c-8045-2f65-e051-9be5b23cf6cd" executionId="68f16421-359f-4008-951b-2eddde5d5525" testListId="8c84fa94-04c1-424b-9868-57a2d4851a1d" />
    <TestEntry testId="72957075-3ac9-838b-2249-58a25bd278c4" executionId="66d769a4-b576-430f-a895-7a9bb0aac152" testListId="8c84fa94-04c1-424b-9868-57a2d4851a1d" />
    <TestEntry testId="ea896a93-f09a-5b17-b3c1-71200d6d0a21" executionId="0a0c07ac-2f5e-4c7a-8790-60d4c5e7582b" testListId="8c84fa94-04c1-424b-9868-57a2d4851a1d" />
    <TestEntry testId="e4667e2f-c69a-9098-1008-34b6278eace3" executionId="518d7cc6-07b0-49f6-a5d1-493ec93e6ed0" testListId="8c84fa94-04c1-424b-9868-57a2d4851a1d" />
    <TestEntry testId="9aabe6ed-e001-7374-c134-292367c03550" executionId="203a2c57-e5b1-4cf0-bfc1-259627e08f45" testListId="8c84fa94-04c1-424b-9868-57a2d4851a1d" />
    <TestEntry testId="fb887940-259f-6c11-8fd4-65c50c0a6cfb" executionId="4e4f030d-f282-4fc4-8f0a-c2f78c24bc4f" testListId="8c84fa94-04c1-424b-9868-57a2d4851a1d" />
    <TestEntry testId="230e1428-73ec-6ed7-dbc2-3b6e46d05851" executionId="8ef45e8b-9a24-4223-87cf-5997db8401e8" testListId="8c84fa94-04c1-424b-9868-57a2d4851a1d" />
    <TestEntry testId="313a5968-f94b-ef3d-6ee4-f26c09757509" executionId="39016ca5-a7e2-488c-ad1d-1fefe0bac11a" testListId="8c84fa94-04c1-424b-9868-57a2d4851a1d" />
    <TestEntry testId="5507f329-03de-5da1-3e82-d055a876ce97" executionId="5109a77e-fd0e-4aa2-bdb5-f5bcb36ff68e" testListId="8c84fa94-04c1-424b-9868-57a2d4851a1d" />
    <TestEntry testId="dde94f5e-d035-bbb3-855f-72a8ed335dd9" executionId="70cda807-10ba-431f-812e-e28d6469568b" testListId="8c84fa94-04c1-424b-9868-57a2d4851a1d" />
    <TestEntry testId="c23872b6-c981-f18a-fc66-342343a018c5" executionId="62b04357-d879-4f39-a08e-cf09c416d99d" testListId="8c84fa94-04c1-424b-9868-57a2d4851a1d" />
    <TestEntry testId="e15078b5-0118-5ca5-6ad7-fc839057718c" executionId="db45ad64-810e-4849-a100-64c6eca62809" testListId="8c84fa94-04c1-424b-9868-57a2d4851a1d" />
    <TestEntry testId="446d39c3-731c-28a4-9fde-816bab6a913b" executionId="978414ad-e84f-493f-b348-e52aed0d1db0" testListId="8c84fa94-04c1-424b-9868-57a2d4851a1d" />
    <TestEntry testId="b1f78ae2-b206-8acd-6230-fbeb03ccbc9d" executionId="7ebc165c-3ad0-4d56-ab14-0d033546d25f" testListId="8c84fa94-04c1-424b-9868-57a2d4851a1d" />
    <TestEntry testId="621f760d-d16b-6cfe-d1c8-b22abfde24db" executionId="4338b3c8-a48c-4aaa-bdde-883e93bf823e" testListId="8c84fa94-04c1-424b-9868-57a2d4851a1d" />
    <TestEntry testId="5fc01bdf-8e97-379d-4c48-b6c1095dbedb" executionId="f2cb20f6-bde2-4eaf-ba44-7bdcf56d3715" testListId="8c84fa94-04c1-424b-9868-57a2d4851a1d" />
    <TestEntry testId="773cc498-440a-17c2-1d82-2d831efce8f1" executionId="d4ff5649-3908-4ba7-af09-75f05ab6d2f6" testListId="8c84fa94-04c1-424b-9868-57a2d4851a1d" />
    <TestEntry testId="581727a7-9269-7fe8-9294-b93fc291296d" executionId="1bb6abd1-b9ad-4fd4-8051-a7efa04befeb" testListId="8c84fa94-04c1-424b-9868-57a2d4851a1d" />
    <TestEntry testId="cd63328a-54ec-3ed8-bf36-f66bad7227d5" executionId="ef6e6869-9725-41e0-97e7-a7af84fd8a1a" testListId="8c84fa94-04c1-424b-9868-57a2d4851a1d" />
    <TestEntry testId="1f2df1ef-09d8-6eb3-6fef-2e18ad1a8f37" executionId="304c5c18-48d3-4f99-b5c8-3785a124fb52" testListId="8c84fa94-04c1-424b-9868-57a2d4851a1d" />
    <TestEntry testId="b7035a73-387b-8b8d-e229-518d35d9eac9" executionId="241db21d-d041-4c7e-9a6f-20c487fd2b0d" testListId="8c84fa94-04c1-424b-9868-57a2d4851a1d" />
    <TestEntry testId="976a7c17-6ac9-e7de-d6ee-f56e71902251" executionId="3b55a094-d6ed-4df1-96b3-8c864da74f69" testListId="8c84fa94-04c1-424b-9868-57a2d4851a1d" />
    <TestEntry testId="970c1adf-3c95-75d4-2239-b112fd08e31b" executionId="a6bb0f81-63a3-40db-971b-cf1bb9c7ea62" testListId="8c84fa94-04c1-424b-9868-57a2d4851a1d" />
    <TestEntry testId="d4e4ad4e-bc22-eb97-93f1-8e758cd18108" executionId="f1b03304-cd1a-45ec-9829-60746eb6a44e" testListId="8c84fa94-04c1-424b-9868-57a2d4851a1d" />
    <TestEntry testId="a1537fcc-fbcf-06e5-47b9-100b0e17f80c" executionId="47101864-bcca-4faa-b55e-4e4e0187958b" testListId="8c84fa94-04c1-424b-9868-57a2d4851a1d" />
    <TestEntry testId="b79c2947-502e-ef02-afa9-2ae4a841e556" executionId="54206a13-038a-43b0-89e5-3b1a54d7d917" testListId="8c84fa94-04c1-424b-9868-57a2d4851a1d" />
    <TestEntry testId="37e168ce-b210-1226-f8c8-dd563ee199fc" executionId="03aa6b64-5e0c-4116-a19d-ed691c13771c" testListId="8c84fa94-04c1-424b-9868-57a2d4851a1d" />
    <TestEntry testId="154bda68-9a31-831c-5bfb-8295d40f5b63" executionId="c9e0d9c6-ce68-428d-9d89-01bdc2125da2" testListId="8c84fa94-04c1-424b-9868-57a2d4851a1d" />
    <TestEntry testId="befde238-9335-977b-e5e3-dccd1ffcc014" executionId="02d1ce11-75e8-498a-b923-2f8e2683591d" testListId="8c84fa94-04c1-424b-9868-57a2d4851a1d" />
    <TestEntry testId="38d4f41b-ea8e-11c5-cb28-cc906f1acdfd" executionId="40793dc0-5d92-4023-a6c8-545e02273fe6" testListId="8c84fa94-04c1-424b-9868-57a2d4851a1d" />
    <TestEntry testId="bdf5e171-3601-7485-70b8-ed57dc8a27e8" executionId="a2b950d8-5bae-4ab5-9dd7-5bcaf30dd9d4" testListId="8c84fa94-04c1-424b-9868-57a2d4851a1d" />
    <TestEntry testId="a556fc68-adc0-8dd3-1dfd-66691ff41716" executionId="9caaed24-7530-4e61-96a5-a80501aaf893" testListId="8c84fa94-04c1-424b-9868-57a2d4851a1d" />
  </TestEntries>
  <TestLists>
    <TestList name="列表中未列出的结果" id="8c84fa94-04c1-424b-9868-57a2d4851a1d" />
    <TestList name="所有已加载的结果" id="19431567-8539-422a-85d7-44ee4e166bda" />
  </TestLists>
  <ResultSummary outcome="Completed">
    <Counters total="41" executed="41" passed="41" failed="0" error="0" timeout="0" aborted="0" inconclusive="0" passedButRunAborted="0" notRunnable="0" notExecuted="0" disconnected="0" warning="0" completed="0" inProgress="0" pending="0" />
    <Output>
      <StdOut>[xUnit.net 00:00:00.00] xUnit.net VSTest Adapter v3.1.5+1b188a7b0a (64-bit .NET 8.0.29)&#xD;
[xUnit.net 00:00:02.94]   Discovering: InprovePlan.UnitTests&#xD;
[xUnit.net 00:00:03.37]   Discovered:  InprovePlan.UnitTests&#xD;
[xUnit.net 00:00:03.85]   Starting:    InprovePlan.UnitTests&#xD;
[xUnit.net 00:00:05.06]   Finished:    InprovePlan.UnitTests (ID = 'abd988980ad4ee5429eaae8029aa822f5a6b2b3dc2097a64df1c8305d71c05ed')&#xD;
</StdOut>
    </Output>
  </ResultSummary>
</TestRun>